// Jest Snapshot v1, https://goo.gl/fbAQLP

exports[`it renders correctly 1`] = `
<section
  className="c-navigation"
>
  <h3>
    This is where the navigation goes
  </h3>
  <Colors />
  <ManaInput />
  <Sorter />
  <ColorSorter />
  <button
    className="c-button"
  >
    Grid Toggle
  </button>
</section>
`;
